<?xml version="1.0" encoding="utf-8"?><testsuites><testsuite name="pytest" errors="0" failures="0" skipped="0" tests="0" time="0.051" timestamp="2025-07-04T19:25:28.141302+02:00" hostname="DANIELs-MacBook-Pro.local" /></testsuites>